ets Jul 29 2019 12:21:46

rst:0x1 (POWERON_RESET),boot:ï¿½ets Jul 29 2019 12:21:46

rst:0x1 (POWERON_RESET),boot:0x3f (SPI_FAST_FLASH_BOOT)
configsip: 153911750, SPIWP:0xee
clk_drv:0x00,q_drv:0x00,d_drv:0x00,cs0_drv:0x00,hd_drv:0x00,wp_drv:0x00
mode:DIO, clock div:2
load:0x3fff0030,len:7172
load:0x40078000,len:15620
load:0x40080400,len:4
ho 8 tail 4 room 4
load:0x40080404,len:3904
entry 0x40080640
[0;32mI (32) boot: ESP-IDF v5.2.5 2nd stage bootloader[0m
[0;32mI (32) boot: compile time Aug  8 2025 23:04:29[0m
[0;32mI (32) boot: Multicore bootloader[0m
[0;32mI (36) boot: chip revision: v3.1[0m
[0;32mI (40) boot.esp32: SPI Speed      : 40MHz[0m
[0;32mI (44) boot.esp32: SPI Mode       : DIO[0m
[0;32mI (49) boot.esp32: SPI Flash Size : 2MB[0m
[0;32mI (54) boot: Enabling RNG early entropy source...[0m
[0;32mI (59) boot: Partition Table:[0m
[0;32mI (63) boot: ## Label            Usage          Type ST Offset   Length[0m
[0;32mI (70) boot:  0 nvs              WiFi data        01 02 00009000 00006000[0m
[0;32mI (77) boot:  1 phy_init         RF data          01 01 0000f000 00001000[0m
[0;32mI (85) boot:  2 factory          factory app      00 00 00010000 00100000[0m
[0;32mI (92) boot: End of partition table[0m
[0;32mI (96) esp_image: segment 0: paddr=00010020 vaddr=3f400020 size=0bd88h ( 48520) map[0m
[0;32mI (122) esp_image: segment 1: paddr=0001bdb0 vaddr=3ffb0000 size=02438h (  9272) load[0m
[0;32mI (125) esp_image: segment 2: paddr=0001e1f0 vaddr=40080000 size=01e28h (  7720) load[0m
[0;32mI (130) esp_image: segment 3: paddr=00020020 vaddr=400d0020 size=1a2b0h (107184) map[0m
[0;32mI (173) esp_image: segment 4: paddr=0003a2d8 vaddr=40081e28 size=0ccb4h ( 52404) load[0m
[0;32mI (201) boot: Loaded app from partition at offset 0x10000[0m
[0;32mI (201) boot: Disabling RNG early entropy source...[0m
[0;32mI (212) cpu_start: Multicore app[0m
[0;32mI (221) cpu_start: Pro cpu start user code[0m
[0;32mI (221) cpu_start: cpu freq: 160000000 Hz[0m
[0;32mI (221) cpu_start: Application information:[0m
[0;32mI (224) cpu_start: Project name:     led[0m
[0;32mI (229) cpu_start: App version:      1[0m
[0;32mI (233) cpu_start: Compile time:     Aug  8 2025 23:04:00[0m
[0;32mI (240) cpu_start: ELF file SHA256:  0d9e538b7...[0m
[0;32mI (245) cpu_start: ESP-IDF:          v5.2.5[0m
[0;32mI (250) cpu_start: Min chip rev:     v0.0[0m
[0;32mI (254) cpu_start: Max chip rev:     v3.99 [0m
[0;32mI (259) cpu_start: Chip rev:         v3.1[0m
[0;32mI (264) heap_init: Initializing. RAM available for dynamic allocation:[0m
[0;32mI (271) heap_init: At 3FFAE6E0 len 00001920 (6 KiB): DRAM[0m
[0;32mI (277) heap_init: At 3FFB30E8 len 0002CF18 (179 KiB): DRAM[0m
[0;32mI (284) heap_init: At 3FFE0440 len 00003AE0 (14 KiB): D/IRAM[0m
[0;32mI (290) heap_init: At 3FFE4350 len 0001BCB0 (111 KiB): D/IRAM[0m
[0;32mI (296) heap_init: At 4008EADC len 00011524 (69 KiB): IRAM[0m
[0;32mI (304) spi_flash: detected chip: generic[0m
[0;32mI (307) spi_flash: flash io: dio[0m
[0;33mW (311) spi_flash: Detected size(8192k) larger than the size in the binary image header(2048k). Using the size in the binary image header.[0m
[0;32mI (325) main_task: Started on CPU0[0m
[0;32mI (335) main_task: Calling app_main()[0m
[0;32mI (335) gpio: GPIO[27]| InputEn: 0| OutputEn: 1| OpenDrain: 0| Pullup: 0| Pulldown: 0| Intr:0 [0m
[0;32mI (465) DHT11_Demo: [APP] APP Is Start!~
[0m
[0;32mI (465) DHT11_Demo: [APP] IDF Version is 5.2.5[0m
[0;32mI (465) DHT11_Demo: [APP] Free memory: 292468 bytes[0m
[0;32mI (465) DHT11_Demo: [APP] IDF version: v5.2.5[0m
[0;32mI (475) gpio: GPIO[25]| InputEn: 1| OutputEn: 0| OpenDrain: 0| Pullup: 1| Pulldown: 0| Intr:0 [0m
[0;32mI (475) DHT11: register RX done callback[0m
[0;32mI (485) main_task: Returned from app_main()[0m
[0;32mI (1535) DHT11_Demo: temp->28.2 C     hum->50%[0m
[0;32mI (2555) DHT11_Demo: temp->28.8 C     hum->51%[0m
[0;32mI (3575) DHT11_Demo: temp->28.7 C     hum->51%[0m
[0;32mI (4595) DHT11_Demo: temp->28.7 C     hum->51%[0m
